BEGIN 3:write_if:fast__1:work
    full :  1:write_pkg:fast:work
    data_in :  1:write_pkg:fast:work
    write_clk :  1:write_pkg:fast:work
    wr_en :  1:write_pkg:fast:work
END 
BEGIN 3:read_if:fast__2:work
    empty :  1:top_th:fast:work
    rd_en :  1:top_th:fast:work
    read_clk :  1:top_th:fast:work
    data_out :  1:top_th:fast:work
    rd_valid :  1:top_th:fast:work
END 
BEGIN 3:write_if:fast__2:work
    data_in :  1:top_th:fast:work
    wr_en :  1:top_th:fast:work
    full :  1:top_th:fast:work
    write_clk :  1:top_th:fast:work
    rst :  1:top_th:fast:work
END 
BEGIN 3:read_if:fast__1:work
    empty :  1:read_pkg:fast:work
    read_clk :  1:read_pkg:fast:work
    rd_valid :  1:read_pkg:fast:work
    data_out :  1:read_pkg:fast:work
END 
